// Jest Snapshot v1, https://goo.gl/fbAQLP

exports[`App Component should render the App component correctly 1`] = `
<div
  className="App"
  data-testid="App"
>
  <TopAppNav />
  <TeamList
    teams={
      [
        "Atlanta Hustle",
        "Austin Sol",
        "Chicago Union",
        "Dallas Roughnecks",
      ]
    }
  />
</div>
`;
